// Jest Snapshot v1, https://goo.gl/fbAQLP

exports[`Post.vue Sets text of post 1`] = `
<article itemscope="itemscope" itemtype="http://schema.org/BlogPosting" class="post">
  <div itemprop="articleBody" class="content">
    <anonymous-stub></anonymous-stub>
  </div>
</article>
`;
